# Case with-same-name-component: Step 0

## Changed Files


## Asset Files
- Bundle: bundle.js

## Manifest


## Update