# Case useContext_provide: Step 0

## Changed Files


## Asset Files
- Bundle: bundle.js

## Manifest


## Update